Running xnvmeperf with arguments:
- Devices: [0000:c1:00.0, 0000:c2:00.0, 0000:c3:00.0, 0000:c4:00.0] (total: 4)
- io pattern: read
- queues per device: 1
- queue depth: 32
- io size: 131072
- runtime: 2
- host_heap_size: 67108864 bytes
- device_heap_size: 83886080 bytes

====================================================================
 xnvmeperf cuda-run (elapsed: 2.00s)
====================================================================
 Device                        IOPS      MiB/s   Failed
 0000:c1:00.0              26525.03    3315.63        0
 0000:c2:00.0              51131.43    6391.43        0
 0000:c3:00.0              51179.39    6397.42        0
 0000:c4:00.0              51195.38    6399.42        0
--------------------------------------------------------------------
 Total:                   180031.23   22503.90        0
====================================================================
